[INFO] Scanning for projects...
[INFO] 
[INFO] -------------------< com.ciclovela:catalog-service >--------------------
[INFO] Building catalog-service 0.0.1-SNAPSHOT
[INFO]   from pom.xml
[INFO] --------------------------------[ jar ]---------------------------------
[INFO] 
[INFO] >>> spring-boot:4.1.1:run (default-cli) > test-compile @ catalog-service >>>
[INFO] 
[INFO] --- resources:3.5.0:resources (default-resources) @ catalog-service ---
[INFO] Copying 1 resource from src\main\resources to target\classes
[INFO] Copying 0 resource from src\main\resources to target\classes
[INFO] 
[INFO] --- compiler:3.15.0:compile (default-compile) @ catalog-service ---
[INFO] Nothing to compile - all classes are up to date.
[INFO] 
[INFO] --- resources:3.5.0:testResources (default-testResources) @ catalog-service ---
[INFO] skip non existing resourceDirectory E:\PROJEKAN 1 BULAN\CICLOVELA\backend\catalog-service\src\test\resources
[INFO] 
[INFO] --- compiler:3.15.0:testCompile (default-testCompile) @ catalog-service ---
[INFO] Nothing to compile - all classes are up to date.
[INFO] 
[INFO] <<< spring-boot:4.1.1:run (default-cli) < test-compile @ catalog-service <<<
[INFO] 
[INFO] 
[INFO] --- spring-boot:4.1.1:run (default-cli) @ catalog-service ---
[INFO] Attaching agents: []

  .   ____          _            __ _ _
 /\\ / ___'_ __ _ _(_)_ __  __ _ \ \ \ \
( ( )\___ | '_ | '_| | '_ \/ _` | \ \ \ \
 \\/  ___)| |_)| | | | | || (_| |  ) ) ) )
  '  |____| .__|_| |_|_| |_\__, | / / / /
 =========|_|==============|___/=/_/_/_/

 :: Spring Boot ::                (v4.1.1)

2026-09-18T02:34:20.263+07:00  INFO 10428 --- [catalog-service] [           main] c.c.catalog.CatalogServiceApplication    : Starting CatalogServiceApplication using Java 21.0.8 with PID 10428 (E:\PROJEKAN 1 BULAN\CICLOVELA\backend\catalog-service\target\classes started by PANGERAN VALERENSCO in E:\PROJEKAN 1 BULAN\CICLOVELA\backend\catalog-service)
2026-09-18T02:34:20.271+07:00  INFO 10428 --- [catalog-service] [           main] c.c.catalog.CatalogServiceApplication    : No active profile set, falling back to 1 default profile: "default"
2026-09-18T02:34:22.669+07:00  INFO 10428 --- [catalog-service] [           main] .s.d.r.c.RepositoryConfigurationDelegate : Bootstrapping Spring Data JPA repositories in DEFAULT mode.
2026-09-18T02:34:22.821+07:00  INFO 10428 --- [catalog-service] [           main] .s.d.r.c.RepositoryConfigurationDelegate : Finished Spring Data repository scanning in 129 ms. Found 3 JPA repository interfaces.
2026-09-18T02:34:24.532+07:00  INFO 10428 --- [catalog-service] [           main] o.s.boot.tomcat.TomcatWebServer          : Tomcat initialized with port 8082 (http)
2026-09-18T02:34:24.579+07:00  INFO 10428 --- [catalog-service] [           main] o.apache.catalina.core.StandardService   : Starting service [Tomcat]
2026-09-18T02:34:24.580+07:00  INFO 10428 --- [catalog-service] [           main] o.apache.catalina.core.StandardEngine    : Starting Servlet engine: [Apache Tomcat/11.0.24]
2026-09-18T02:34:24.756+07:00  INFO 10428 --- [catalog-service] [           main] b.w.c.s.WebApplicationContextInitializer : Root WebApplicationContext: initialization completed in 4354 ms
2026-09-18T02:34:25.285+07:00  INFO 10428 --- [catalog-service] [           main] org.hibernate.orm.jpa                    : HHH008540: Processing PersistenceUnitInfo [name: default]
2026-09-18T02:34:25.417+07:00  INFO 10428 --- [catalog-service] [           main] org.hibernate.orm.core                   : HHH000001: Hibernate ORM core version 7.4.5.Final
2026-09-18T02:34:26.319+07:00  INFO 10428 --- [catalog-service] [           main] o.s.o.j.p.SpringPersistenceUnitInfo      : No LoadTimeWeaver setup: ignoring JPA class transformer
2026-09-18T02:34:26.393+07:00  INFO 10428 --- [catalog-service] [           main] com.zaxxer.hikari.HikariDataSource       : HikariPool-1 - Starting...
2026-09-18T02:34:26.767+07:00  INFO 10428 --- [catalog-service] [           main] com.zaxxer.hikari.pool.HikariPool        : HikariPool-1 - Added connection org.postgresql.jdbc.PgConnection@54a5496f
2026-09-18T02:34:26.771+07:00  INFO 10428 --- [catalog-service] [           main] com.zaxxer.hikari.HikariDataSource       : HikariPool-1 - Start completed.
2026-09-18T02:34:26.835+07:00  WARN 10428 --- [catalog-service] [           main] org.hibernate.orm.deprecation            : HHH90000025: PostgreSQLDialect does not need to be specified explicitly using 'hibernate.dialect' (remove the property setting and it will be selected by default)
2026-09-18T02:34:26.889+07:00  INFO 10428 --- [catalog-service] [           main] org.hibernate.orm.connections.pooling    : HHH10001005: Database info:
	Database JDBC URL [jdbc:postgresql://localhost:5432/ciclovela]
	Database driver: PostgreSQL JDBC Driver
	Database dialect: PostgreSQLDialect
	Database version: 18.2
	Default catalog/schema: ciclovela/public
	Autocommit mode: undefined/unknown
	Isolation level: READ_COMMITTED [default READ_COMMITTED]
	JDBC fetch size: none
	Pool: DataSourceConnectionProvider
	Minimum pool size: undefined/unknown
	Maximum pool size: undefined/unknown
2026-09-18T02:34:29.307+07:00  INFO 10428 --- [catalog-service] [           main] org.hibernate.orm.core                   : HHH000489: No JTA platform available (set 'hibernate.transaction.jta.platform' to enable JTA platform integration)
2026-09-18T02:34:29.419+07:00  INFO 10428 --- [catalog-service] [           main] j.LocalContainerEntityManagerFactoryBean : Initialized JPA EntityManagerFactory for persistence unit 'default'
2026-09-18T02:34:29.628+07:00  INFO 10428 --- [catalog-service] [           main] o.s.d.j.r.query.QueryEnhancerFactories   : Hibernate is in classpath; If applicable, HQL parser will be used.
2026-09-18T02:34:32.904+07:00  WARN 10428 --- [catalog-service] [           main] JpaBaseConfiguration$JpaWebConfiguration : spring.jpa.open-in-view is enabled by default. Therefore, database queries may be performed during view rendering. Explicitly configure spring.jpa.open-in-view to disable this warning
2026-09-18T02:34:34.632+07:00  INFO 10428 --- [catalog-service] [           main] o.s.boot.tomcat.TomcatWebServer          : Tomcat started on port 8082 (http) with context path '/'
2026-09-18T02:34:34.645+07:00  INFO 10428 --- [catalog-service] [           main] c.c.catalog.CatalogServiceApplication    : Started CatalogServiceApplication in 15.739 seconds (process running for 17.009)
2026-09-18T02:43:25.463+07:00  INFO 10428 --- [catalog-service] [nio-8082-exec-2] o.a.c.c.C.[Tomcat].[localhost].[/]       : Initializing Spring DispatcherServlet 'dispatcherServlet'
2026-09-18T02:43:25.463+07:00  INFO 10428 --- [catalog-service] [nio-8082-exec-2] o.s.web.servlet.DispatcherServlet        : Initializing Servlet 'dispatcherServlet'
2026-09-18T02:43:25.467+07:00  INFO 10428 --- [catalog-service] [nio-8082-exec-2] o.s.web.servlet.DispatcherServlet        : Completed initialization in 4 ms
2026-09-18T02:43:26.229+07:00  WARN 10428 --- [catalog-service] [nio-8082-exec-4] org.hibernate.orm.jdbc.error             : HHH000247: ErrorCode: 0, SQLState: 42883
2026-09-18T02:43:26.231+07:00  WARN 10428 --- [catalog-service] [nio-8082-exec-4] org.hibernate.orm.jdbc.error             : ERROR: function lower(bytea) does not exist
  Hint: No function matches the given name and argument types. You might need to add explicit type casts.
  Position: 283
2026-09-18T02:43:26.378+07:00  WARN 10428 --- [catalog-service] [nio-8082-exec-1] ration$PageModule$WarningLoggingModifier : Serializing PageImpl instances as-is is not supported, meaning that there is no guarantee about the stability of the resulting JSON structure!
	For a stable JSON structure, please use Spring Data's PagedModel (globally via @EnableSpringDataWebSupport(pageSerializationMode = VIA_DTO))
	or Spring HATEOAS and Spring Data's PagedResourcesAssembler as documented in https://docs.spring.io/spring-data/commons/reference/repositories/core-extensions.html#core.web.pageables.

2026-09-18T02:43:26.411+07:00  WARN 10428 --- [catalog-service] [nio-8082-exec-5] org.hibernate.orm.jdbc.error             : HHH000247: ErrorCode: 0, SQLState: 42883
2026-09-18T02:43:26.412+07:00  WARN 10428 --- [catalog-service] [nio-8082-exec-5] org.hibernate.orm.jdbc.error             : ERROR: function lower(bytea) does not exist
  Hint: No function matches the given name and argument types. You might need to add explicit type casts.
  Position: 283
2026-09-18T02:43:29.868+07:00  WARN 10428 --- [catalog-service] [nio-8082-exec-2] org.hibernate.orm.jdbc.error             : HHH000247: ErrorCode: 0, SQLState: 42883
2026-09-18T02:43:29.868+07:00  WARN 10428 --- [catalog-service] [nio-8082-exec-2] org.hibernate.orm.jdbc.error             : ERROR: function lower(bytea) does not exist
  Hint: No function matches the given name and argument types. You might need to add explicit type casts.
  Position: 283
2026-09-18T02:43:29.912+07:00  WARN 10428 --- [catalog-service] [nio-8082-exec-1] org.hibernate.orm.jdbc.error             : HHH000247: ErrorCode: 0, SQLState: 42883
2026-09-18T02:43:29.912+07:00  WARN 10428 --- [catalog-service] [nio-8082-exec-1] org.hibernate.orm.jdbc.error             : ERROR: function lower(bytea) does not exist
  Hint: No function matches the given name and argument types. You might need to add explicit type casts.
  Position: 283
2026-09-18T02:44:19.591+07:00  WARN 10428 --- [catalog-service] [nio-8082-exec-3] org.hibernate.orm.jdbc.error             : HHH000247: ErrorCode: 0, SQLState: 42883
2026-09-18T02:44:19.592+07:00  WARN 10428 --- [catalog-service] [nio-8082-exec-3] org.hibernate.orm.jdbc.error             : ERROR: function lower(bytea) does not exist
  Hint: No function matches the given name and argument types. You might need to add explicit type casts.
  Position: 283
2026-09-18T02:44:19.654+07:00  WARN 10428 --- [catalog-service] [nio-8082-exec-1] org.hibernate.orm.jdbc.error             : HHH000247: ErrorCode: 0, SQLState: 42883
2026-09-18T02:44:19.654+07:00  WARN 10428 --- [catalog-service] [nio-8082-exec-1] org.hibernate.orm.jdbc.error             : ERROR: function lower(bytea) does not exist
  Hint: No function matches the given name and argument types. You might need to add explicit type casts.
  Position: 283
2026-09-18T02:44:59.373+07:00  WARN 10428 --- [catalog-service] [nio-8082-exec-8] org.hibernate.orm.jdbc.error             : HHH000247: ErrorCode: 0, SQLState: 42883
2026-09-18T02:44:59.374+07:00  WARN 10428 --- [catalog-service] [nio-8082-exec-8] org.hibernate.orm.jdbc.error             : ERROR: function lower(bytea) does not exist
  Hint: No function matches the given name and argument types. You might need to add explicit type casts.
  Position: 283
2026-09-18T02:44:59.401+07:00  WARN 10428 --- [catalog-service] [nio-8082-exec-9] org.hibernate.orm.jdbc.error             : HHH000247: ErrorCode: 0, SQLState: 42883
2026-09-18T02:44:59.402+07:00  WARN 10428 --- [catalog-service] [nio-8082-exec-9] org.hibernate.orm.jdbc.error             : ERROR: function lower(bytea) does not exist
  Hint: No function matches the given name and argument types. You might need to add explicit type casts.
  Position: 283
[INFO] ------------------------------------------------------------------------
[INFO] BUILD FAILURE
[INFO] ------------------------------------------------------------------------
[INFO] Total time:  20:28 min
[INFO] Finished at: 2026-09-18T02:54:39+07:00
[INFO] ------------------------------------------------------------------------
[ERROR] Failed to execute goal org.springframework.boot:spring-boot-maven-plugin:4.1.1:run (default-cli) on project catalog-service: Process terminated with exit code: 1 -> [Help 1]
[ERROR] 
[ERROR] To see the full stack trace of the errors, re-run Maven with the -e switch.
[ERROR] Re-run Maven using the -X switch to enable full debug logging.
[ERROR] 
[ERROR] For more information about the errors and possible solutions, please read the following articles:
[ERROR] [Help 1] http://cwiki.apache.org/confluence/display/MAVEN/MojoExecutionException
