[INFO] Scanning for projects...
[INFO] 
[INFO] ------------------< com.ciclovela:inventory-service >-------------------
[INFO] Building inventory-service 0.0.1-SNAPSHOT
[INFO]   from pom.xml
[INFO] --------------------------------[ jar ]---------------------------------
[INFO] 
[INFO] >>> spring-boot:4.1.1:run (default-cli) > test-compile @ inventory-service >>>
[INFO] 
[INFO] --- resources:3.5.0:resources (default-resources) @ inventory-service ---
[INFO] Copying 1 resource from src\main\resources to target\classes
[INFO] Copying 0 resource from src\main\resources to target\classes
[INFO] 
[INFO] --- compiler:3.15.0:compile (default-compile) @ inventory-service ---
[INFO] Nothing to compile - all classes are up to date.
[INFO] 
[INFO] --- resources:3.5.0:testResources (default-testResources) @ inventory-service ---
[INFO] skip non existing resourceDirectory E:\PROJEKAN 1 BULAN\CICLOVELA\backend\inventory-service\src\test\resources
[INFO] 
[INFO] --- compiler:3.15.0:testCompile (default-testCompile) @ inventory-service ---
[INFO] Nothing to compile - all classes are up to date.
[INFO] 
[INFO] <<< spring-boot:4.1.1:run (default-cli) < test-compile @ inventory-service <<<
[INFO] 
[INFO] 
[INFO] --- spring-boot:4.1.1:run (default-cli) @ inventory-service ---
[INFO] Attaching agents: []

  .   ____          _            __ _ _
 /\\ / ___'_ __ _ _(_)_ __  __ _ \ \ \ \
( ( )\___ | '_ | '_| | '_ \/ _` | \ \ \ \
 \\/  ___)| |_)| | | | | || (_| |  ) ) ) )
  '  |____| .__|_| |_|_| |_\__, | / / / /
 =========|_|==============|___/=/_/_/_/

 :: Spring Boot ::                (v4.1.1)

2026-09-18T04:16:11.713+07:00  INFO 22328 --- [inventory-service] [           main] c.c.i.InventoryServiceApplication        : Starting InventoryServiceApplication using Java 21.0.8 with PID 22328 (E:\PROJEKAN 1 BULAN\CICLOVELA\backend\inventory-service\target\classes started by PANGERAN VALERENSCO in E:\PROJEKAN 1 BULAN\CICLOVELA\backend\inventory-service)
2026-09-18T04:16:11.732+07:00  INFO 22328 --- [inventory-service] [           main] c.c.i.InventoryServiceApplication        : No active profile set, falling back to 1 default profile: "default"
2026-09-18T04:16:14.421+07:00  INFO 22328 --- [inventory-service] [           main] .s.d.r.c.RepositoryConfigurationDelegate : Bootstrapping Spring Data JPA repositories in DEFAULT mode.
2026-09-18T04:16:14.598+07:00  INFO 22328 --- [inventory-service] [           main] .s.d.r.c.RepositoryConfigurationDelegate : Finished Spring Data repository scanning in 153 ms. Found 6 JPA repository interfaces.
2026-09-18T04:16:16.300+07:00  INFO 22328 --- [inventory-service] [           main] o.s.boot.tomcat.TomcatWebServer          : Tomcat initialized with port 8083 (http)
2026-09-18T04:16:16.349+07:00  INFO 22328 --- [inventory-service] [           main] o.apache.catalina.core.StandardService   : Starting service [Tomcat]
2026-09-18T04:16:16.350+07:00  INFO 22328 --- [inventory-service] [           main] o.apache.catalina.core.StandardEngine    : Starting Servlet engine: [Apache Tomcat/11.0.24]
2026-09-18T04:16:16.577+07:00  INFO 22328 --- [inventory-service] [           main] b.w.c.s.WebApplicationContextInitializer : Root WebApplicationContext: initialization completed in 4709 ms
2026-09-18T04:16:17.172+07:00  INFO 22328 --- [inventory-service] [           main] org.hibernate.orm.jpa                    : HHH008540: Processing PersistenceUnitInfo [name: default]
2026-09-18T04:16:17.318+07:00  INFO 22328 --- [inventory-service] [           main] org.hibernate.orm.core                   : HHH000001: Hibernate ORM core version 7.4.5.Final
2026-09-18T04:16:18.592+07:00  INFO 22328 --- [inventory-service] [           main] o.s.o.j.p.SpringPersistenceUnitInfo      : No LoadTimeWeaver setup: ignoring JPA class transformer
2026-09-18T04:16:18.675+07:00  INFO 22328 --- [inventory-service] [           main] com.zaxxer.hikari.HikariDataSource       : HikariPool-1 - Starting...
2026-09-18T04:16:19.129+07:00  INFO 22328 --- [inventory-service] [           main] com.zaxxer.hikari.pool.HikariPool        : HikariPool-1 - Added connection org.postgresql.jdbc.PgConnection@12bcf7c6
2026-09-18T04:16:19.133+07:00  INFO 22328 --- [inventory-service] [           main] com.zaxxer.hikari.HikariDataSource       : HikariPool-1 - Start completed.
2026-09-18T04:16:19.217+07:00  WARN 22328 --- [inventory-service] [           main] org.hibernate.orm.deprecation            : HHH90000025: PostgreSQLDialect does not need to be specified explicitly using 'hibernate.dialect' (remove the property setting and it will be selected by default)
2026-09-18T04:16:19.280+07:00  INFO 22328 --- [inventory-service] [           main] org.hibernate.orm.connections.pooling    : HHH10001005: Database info:
	Database JDBC URL [jdbc:postgresql://localhost:5432/ciclovela]
	Database driver: PostgreSQL JDBC Driver
	Database dialect: PostgreSQLDialect
	Database version: 18.2
	Default catalog/schema: ciclovela/public
	Autocommit mode: undefined/unknown
	Isolation level: READ_COMMITTED [default READ_COMMITTED]
	JDBC fetch size: none
	Pool: DataSourceConnectionProvider
	Minimum pool size: undefined/unknown
	Maximum pool size: undefined/unknown
2026-09-18T04:16:22.375+07:00  INFO 22328 --- [inventory-service] [           main] org.hibernate.orm.core                   : HHH000489: No JTA platform available (set 'hibernate.transaction.jta.platform' to enable JTA platform integration)
2026-09-18T04:16:22.522+07:00  INFO 22328 --- [inventory-service] [           main] j.LocalContainerEntityManagerFactoryBean : Initialized JPA EntityManagerFactory for persistence unit 'default'
2026-09-18T04:16:22.863+07:00  INFO 22328 --- [inventory-service] [           main] o.s.d.j.r.query.QueryEnhancerFactories   : Hibernate is in classpath; If applicable, HQL parser will be used.
2026-09-18T04:16:27.956+07:00  WARN 22328 --- [inventory-service] [           main] JpaBaseConfiguration$JpaWebConfiguration : spring.jpa.open-in-view is enabled by default. Therefore, database queries may be performed during view rendering. Explicitly configure spring.jpa.open-in-view to disable this warning
2026-09-18T04:16:29.981+07:00  INFO 22328 --- [inventory-service] [           main] o.s.boot.tomcat.TomcatWebServer          : Tomcat started on port 8083 (http) with context path '/'
2026-09-18T04:16:29.995+07:00  INFO 22328 --- [inventory-service] [           main] c.c.i.InventoryServiceApplication        : Started InventoryServiceApplication in 19.467 seconds (process running for 20.702)
[INFO] ------------------------------------------------------------------------
[INFO] BUILD FAILURE
[INFO] ------------------------------------------------------------------------
[INFO] Total time:  56:36 min
[INFO] Finished at: 2026-09-18T05:12:38+07:00
[INFO] ------------------------------------------------------------------------
[ERROR] Failed to execute goal org.springframework.boot:spring-boot-maven-plugin:4.1.1:run (default-cli) on project inventory-service: Process terminated with exit code: 1 -> [Help 1]
[ERROR] 
[ERROR] To see the full stack trace of the errors, re-run Maven with the -e switch.
[ERROR] Re-run Maven using the -X switch to enable full debug logging.
[ERROR] 
[ERROR] For more information about the errors and possible solutions, please read the following articles:
[ERROR] [Help 1] http://cwiki.apache.org/confluence/display/MAVEN/MojoExecutionException
